// Jest Snapshot v1, https://goo.gl/fbAQLP

exports[`Empty Component should be rendered correctly 1`] = `
<div>
  Empty Component.
</div>
`;
